Archive member included to satisfy reference by file (symbol)

/Applications/VEXcode.app/Contents/Resources/sdk/vexv5/libv5rt.a(v5_startup.c.obj)
                              (vexStartup)
/Applications/VEXcode.app/Contents/Resources/sdk/vexv5/libv5rt.a(v5_util.c.obj)
                              /Applications/VEXcode.app/Contents/Resources/sdk/vexv5/libv5rt.a(v5_startup.c.obj) (vexStdlibVersionLinked)
/Applications/VEXcode.app/Contents/Resources/sdk/vexv5/libv5rt.a(v5_apijump.c.obj)
                              /Applications/VEXcode.app/Contents/Resources/sdk/vexv5/libv5rt.a(v5_startup.c.obj) (vexPrivateApiEnable)
/Applications/VEXcode.app/Contents/Resources/sdk/vexv5/libv5rt.a(v5_apiversions.c.obj)
                              /Applications/VEXcode.app/Contents/Resources/sdk/vexv5/libv5rt.a(v5_apijump.c.obj) (vexSystemVersion)
/Applications/VEXcode.app/Contents/Resources/sdk/vexv5/libv5rt.a(vex_global.cpp.obj)
                              build/src/main.o (vex::hold)
/Applications/VEXcode.app/Contents/Resources/sdk/vexv5/libv5rt.a(vex_motor.cpp.obj)
                              build/src/main.o (vex::motor::~motor())
/Applications/VEXcode.app/Contents/Resources/sdk/vexv5/libv5rt.a(vex_vision.cpp.obj)
                              build/src/main.o (vex::vision::~vision())
/Applications/VEXcode.app/Contents/Resources/sdk/vexv5/libv5rt.a(vex_controller.cpp.obj)
                              build/src/main.o (vex::controller::~controller())
/Applications/VEXcode.app/Contents/Resources/sdk/vexv5/libv5rt.a(vex_task.cpp.obj)
                              build/src/main.o (vex::task::sleep(unsigned long))
/Applications/VEXcode.app/Contents/Resources/sdk/vexv5/libv5rt.a(vex_event.cpp.obj)
                              /Applications/VEXcode.app/Contents/Resources/sdk/vexv5/libv5rt.a(vex_controller.cpp.obj) (vex::event::init(unsigned long, unsigned long, void (*)()))
/Applications/VEXcode.app/Contents/Resources/sdk/vexv5/libv5rt.a(vex_mevent.cpp.obj)
                              /Applications/VEXcode.app/Contents/Resources/sdk/vexv5/libv5rt.a(vex_controller.cpp.obj) (vex::mevent::mevent(unsigned long, unsigned long))
/Applications/VEXcode.app/Contents/Resources/sdk/vexv5/libv5rt.a(vex_brain.cpp.obj)
                              build/src/main.o (vex::brain::~brain())
/Applications/VEXcode.app/Contents/Resources/sdk/vexv5/libv5rt.a(vex_competition.cpp.obj)
                              build/src/main.o (vex::competition::competition())
/Applications/VEXcode.app/Contents/Resources/sdk/vexv5/libv5rt.a(vex_triport.cpp.obj)
                              /Applications/VEXcode.app/Contents/Resources/sdk/vexv5/libv5rt.a(vex_brain.cpp.obj) (vex::triport::~triport())
/Applications/VEXcode.app/Contents/Resources/sdk/vexv5/libv5rt.a(vex_color.cpp.obj)
                              /Applications/VEXcode.app/Contents/Resources/sdk/vexv5/libv5rt.a(vex_brain.cpp.obj) (vex::color::operator unsigned long() const)
/Applications/VEXcode.app/Contents/Resources/sdk/vexv5/libv5rt.a(vex_timer.cpp.obj)
                              /Applications/VEXcode.app/Contents/Resources/sdk/vexv5/libv5rt.a(vex_brain.cpp.obj) (vex::timer::~timer())
/Applications/VEXcode.app/Contents/Resources/sdk/vexv5/libv5rt.a(v5_apiuser.c.obj)
                              /Applications/VEXcode.app/Contents/Resources/sdk/vexv5/libv5rt.a(vex_triport.cpp.obj) (vexAdiPortConfigSet)
/Applications/VEXcode.app/Contents/Resources/sdk/vexv5/libv5rt.a(vex_device.cpp.obj)
                              /Applications/VEXcode.app/Contents/Resources/sdk/vexv5/libv5rt.a(vex_triport.cpp.obj) (vex::device::value())
/Applications/VEXcode.app/Contents/Resources/sdk/vexv5/gcc/libs/libc.a(lib_a-aeabi_memcpy.o)
                              build/src/main.o (__aeabi_memcpy4)
/Applications/VEXcode.app/Contents/Resources/sdk/vexv5/gcc/libs/libc.a(lib_a-fini.o)
                              /Applications/VEXcode.app/Contents/Resources/sdk/vexv5/libv5rt.a(v5_startup.c.obj) (__libc_fini_array)
/Applications/VEXcode.app/Contents/Resources/sdk/vexv5/gcc/libs/libc.a(lib_a-impure.o)
                              /Applications/VEXcode.app/Contents/Resources/sdk/vexv5/libv5rt.a(v5_startup.c.obj) (_impure_ptr)
/Applications/VEXcode.app/Contents/Resources/sdk/vexv5/gcc/libs/libc.a(lib_a-init.o)
                              /Applications/VEXcode.app/Contents/Resources/sdk/vexv5/libv5rt.a(v5_startup.c.obj) (__libc_init_array)
/Applications/VEXcode.app/Contents/Resources/sdk/vexv5/gcc/libs/libc.a(lib_a-memcpy.o)
                              /Applications/VEXcode.app/Contents/Resources/sdk/vexv5/gcc/libs/libc.a(lib_a-aeabi_memcpy.o) (memcpy)
/Applications/VEXcode.app/Contents/Resources/sdk/vexv5/gcc/libs/libc.a(lib_a-tolower.o)
                              /Applications/VEXcode.app/Contents/Resources/sdk/vexv5/libv5rt.a(vex_brain.cpp.obj) (tolower)
/Applications/VEXcode.app/Contents/Resources/sdk/vexv5/gcc/libs/libc.a(lib_a-ctype_.o)
[...]
Memory Configuration

Name             Origin             Length             Attributes
ps7_ddr_0_S_AXI_BASEADDR 0x0000000003800000 0x0000000004800000
*default*        0x0000000000000000 0xffffffffffffffff

Linker script and memory map

                0x0000000000002000                _STACK_SIZE = DEFINED (_STACK_SIZE)?_STACK_SIZE:0x2000
                0x0000000000100000                _HEAP_SIZE = DEFINED (_HEAP_SIZE)?_HEAP_SIZE:0x100000
                0x0000000000000400                _ABORT_STACK_SIZE = DEFINED (_ABORT_STACK_SIZE)?_ABORT_STACK_SIZE:0x400
                0x0000000000000800                _SUPERVISOR_STACK_SIZE = DEFINED (_SUPERVISOR_STACK_SIZE)?_SUPERVISOR_STACK_SIZE:0x800
                0x0000000000000400                _IRQ_STACK_SIZE = DEFINED (_IRQ_STACK_SIZE)?_IRQ_STACK_SIZE:0x400
                0x0000000000000400                _FIQ_STACK_SIZE = DEFINED (_FIQ_STACK_SIZE)?_FIQ_STACK_SIZE:0x400
                0x0000000000000400                _UNDEF_STACK_SIZE = DEFINED (_UNDEF_STACK_SIZE)?_UNDEF_STACK_SIZE:0x400

.text           0x0000000003800000     0x3ae8
 *(.vectors)
 *(.boot_data)
 .boot_data     0x0000000003800000       0x20 /Applications/VEXcode.app/Contents/Resources/sdk/vexv5/libv5rt.a(v5_startup.c.obj)
                0x0000000003800000                vexCodeSig
                0x0000000000000020                . = 0x20
 *(.boot)
 .boot          0x0000000003800020       0xbc /Applications/VEXcode.app/Contents/Resources/sdk/vexv5/libv5rt.a(v5_startup.c.obj)
                0x0000000003800020                vexStartup
                0x0000000003800100                . = ALIGN (0x40)
 *fill*         0x00000000038000dc       0x24 
 *(.freertos_vectors)
 *(.text)
 .text          0x0000000003800100       0x38 /Applications/VEXcode.app/Contents/Resources/sdk/vexv5/gcc/libs/libgcc.a(_aeabi_ldivmod.o)
                0x0000000003800100                __aeabi_ldivmod
 *(.text.*)
 .text._ZN3vex6visionC2IJNS0_9signatureES2_S2_S2_S2_S2_S2_EEElhDpT_
                0x0000000003800138       0xec build/src/main.o
                0x0000000003800138                vex::vision::vision<vex::vision::signature, vex::vision::signature, vex::vision::signature, vex::vision::signature, vex::vision::signature, vex::vision::signature, vex::vision::signature>(long, unsigned char, vex::vision::signature, vex::vision::signature, vex::vision::signature, vex::vision::signature, vex::vision::signature, vex::vision::signature, vex::vision::signature)
 .text._Z11velocitysetdd
                0x0000000003800224       0x88 build/src/main.o
                0x0000000003800224                velocityset(double, double)
 *fill*         0x00000000038002ac        0x4 
 .text._Z15forwardDistancedd
                0x00000000038002b0       0xc8 build/src/main.o
                0x00000000038002b0                forwardDistance(double, double)
 .text._Z11forwardTimedd
                0x0000000003800378       0xa0 build/src/main.o
                0x0000000003800378                forwardTime(double, double)
 .text._Z4turnbdd
                0x0000000003800418      0x148 build/src/main.o
                0x0000000003800418                turn(bool, double, double)
 .text._Z7bluSafev
                0x0000000003800560      0x380 build/src/main.o
                0x0000000003800560                bluSafe()
 .text._Z11usercontrolv
                0x00000000038008e0       0xe4 build/src/main.o
                0x00000000038008e0                usercontrol()
 .text._Z10autonomousv
                0x00000000038009c4        0x4 build/src/main.o
                0x00000000038009c4                autonomous()
 .text.main     0x00000000038009c8       0x54 build/src/main.o
                0x00000000038009c8                main
 .text._ZN3vex6vision7_setsigINS0_9signatureEJS2_S2_S2_S2_S2_S2_EEEvRT_DpT0_
                0x0000000003800a1c       0xc8 build/src/main.o
                0x0000000003800a1c                void vex::vision::_setsig<vex::vision::signature, vex::vision::signature, vex::vision::signature, vex::vision::signature, vex::vision::signature, vex::vision::signature, vex::vision::signature>(vex::vision::signature&, vex::vision::signature, vex::vision::signature, vex::vision::signature, vex::vision::signature, vex::vision::signature, vex::vision::signature)
 .text._ZN3vex6vision7_setsigINS0_9signatureEJS2_S2_S2_S2_S2_EEEvRT_DpT0_
                0x0000000003800ae4       0xac build/src/main.o
                0x0000000003800ae4                void vex::vision::_setsig<vex::vision::signature, vex::vision::signature, vex::vision::signature, vex::vision::signature, vex::vision::signature, vex::vision::signature>(vex::vision::signature&, vex::vision::signature, vex::vision::signature, vex::vision::signature, vex::vision::signature, vex::vision::signature)
 .text._ZN3vex6vision7_setsigINS0_9signatureEJS2_S2_S2_S2_EEEvRT_DpT0_
                0x0000000003800b90       0x90 build/src/main.o
                0x0000000003800b90                void vex::vision::_setsig<vex::vision::signature, vex::vision::signature, vex::vision::signature, vex::vision::signature, vex::vision::signature>(vex::vision::signature&, vex::vision::signature, vex::vision::signature, vex::vision::signature, vex::vision::signature)
 .text._ZN3vex6vision7_setsigINS0_9signatureEJS2_S2_S2_EEEvRT_DpT0_
                0x0000000003800c20       0x70 build/src/main.o
                0x0000000003800c20                void vex::vision::_setsig<vex::vision::signature, vex::vision::signature, vex::vision::signature, vex::vision::signature>(vex::vision::signature&, vex::vision::signature, vex::vision::signature, vex::vision::signature)
 .text._ZN3vex6vision7_setsigINS0_9signatureEJS2_S2_EEEvRT_DpT0_
                0x0000000003800c90       0x58 build/src/main.o
                0x0000000003800c90                void vex::vision::_setsig<vex::vision::signature, vex::vision::signature, vex::vision::signature>(vex::vision::signature&, vex::vision::signature, vex::vision::signature)
 .text._GLOBAL__sub_I_main.cpp
                0x0000000003800ce8      0x5c4 build/src/main.o
 .text.vexMain  0x00000000038012ac       0xb0 /Applications/VEXcode.app/Contents/Resources/sdk/vexv5/libv5rt.a(v5_startup.c.obj)
                0x00000000038012ac                vexMain
 .text.__vex_function_prolog
                0x000000000380135c       0x18 /Applications/VEXcode.app/Contents/Resources/sdk/vexv5/libv5rt.a(v5_startup.c.obj)
                0x000000000380135c                __vex_function_prolog
 .text._init    0x0000000003801374        0x4 /Applications/VEXcode.app/Contents/Resources/sdk/vexv5/libv5rt.a(v5_startup.c.obj)
                0x0000000003801374                _init
 .text._fini    0x0000000003801378        0x4 /Applications/VEXcode.app/Contents/Resources/sdk/vexv5/libv5rt.a(v5_startup.c.obj)
                0x0000000003801378                _fini
 .text.vexStdlibVersionLinked
                0x000000000380137c        0xc /Applications/VEXcode.app/Contents/Resources/sdk/vexv5/libv5rt.a(v5_util.c.obj)
                0x000000000380137c                vexStdlibVersionLinked
 .text.vexStdlibVersionVerify
                0x0000000003801388       0x30 /Applications/VEXcode.app/Contents/Resources/sdk/vexv5/libv5rt.a(v5_util.c.obj)
                0x0000000003801388                vexStdlibVersionVerify
 .text.vexPrivateApiEnable
                0x00000000038013b8       0x10 /Applications/VEXcode.app/Contents/Resources/sdk/vexv5/libv5rt.a(v5_apijump.c.obj)
                0x00000000038013b8                vexPrivateApiEnable
 .text.vexStdlibMismatchError
                0x00000000038013c8       0x3c /Applications/VEXcode.app/Contents/Resources/sdk/vexv5/libv5rt.a(v5_apijump.c.obj)
                0x00000000038013c8                vexStdlibMismatchError
 .text.vexTaskAdd
                0x0000000003801404       0x10 /Applications/VEXcode.app/Contents/Resources/sdk/vexv5/libv5rt.a(v5_apijump.c.obj)
                0x0000000003801404                vexTaskAdd
 .text.vexTaskStop
                0x0000000003801414       0x10 /Applications/VEXcode.app/Contents/Resources/sdk/vexv5/libv5rt.a(v5_apijump.c.obj)
                0x0000000003801414                vexTaskStop
 .text.vexTasksRun
                0x0000000003801424       0x10 /Applications/VEXcode.app/Contents/Resources/sdk/vexv5/libv5rt.a(v5_apijump.c.obj)
                0x0000000003801424                vexTasksRun
 .text.vexTaskYield
                0x0000000003801434       0x10 /Applications/VEXcode.app/Contents/Resources/sdk/vexv5/libv5rt.a(v5_apijump.c.obj)
                0x0000000003801434                vexTaskYield
 .text.vexTaskCheckTimeslice
                0x0000000003801444       0x10 /Applications/VEXcode.app/Contents/Resources/sdk/vexv5/libv5rt.a(v5_apijump.c.obj)
                0x0000000003801444                vexTaskCheckTimeslice
 .text.vexTaskSleep
                0x0000000003801454       0x10 /Applications/VEXcode.app/Contents/Resources/sdk/vexv5/libv5rt.a(v5_apijump.c.obj)
                0x0000000003801454                vexTaskSleep
 .text.vexTasksDump
                0x0000000003801464       0x1c /Applications/VEXcode.app/Contents/Resources/sdk/vexv5/libv5rt.a(v5_apijump.c.obj)
                0x0000000003801464                vexTasksDump
 .text.vexTaskGetTaskIndex
                0x0000000003801480       0x10 /Applications/VEXcode.app/Contents/Resources/sdk/vexv5/libv5rt.a(v5_apijump.c.obj)
                0x0000000003801480                vexTaskGetTaskIndex
 .text.vexTaskStopAll
                0x0000000003801490       0x10 /Applications/VEXcode.app/Contents/Resources/sdk/vexv5/libv5rt.a(v5_apijump.c.obj)
                0x0000000003801490                vexTaskStopAll
 .text.vexTaskRemoveAllUser
                0x00000000038014a0       0x34 /Applications/VEXcode.app/Contents/Resources/sdk/vexv5/libv5rt.a(v5_apijump.c.obj)
                0x00000000038014a0                vexTaskRemoveAllUser
 .text.vexTaskCompletionIdSet
                0x00000000038014d4       0x10 /Applications/VEXcode.app/Contents/Resources/sdk/vexv5/libv5rt.a(v5_apijump.c.obj)
                0x00000000038014d4                vexTaskCompletionIdSet
 .text.vexCriticalSection
                0x00000000038014e4       0x2c /Applications/VEXcode.app/Contents/Resources/sdk/vexv5/libv5rt.a(v5_apijump.c.obj)
                0x00000000038014e4                vexCriticalSection
 .text.vexEventAdd
                0x0000000003801510       0x34 /Applications/VEXcode.app/Contents/Resources/sdk/vexv5/libv5rt.a(v5_apijump.c.obj)
                0x0000000003801510                vexEventAdd
 .text.vexEventUserIndexGet
                0x0000000003801544       0x1c /Applications/VEXcode.app/Contents/Resources/sdk/vexv5/libv5rt.a(v5_apijump.c.obj)
                0x0000000003801544                vexEventUserIndexGet
 .text.vexEventAddWithArg
                0x0000000003801560       0x3c /Applications/VEXcode.app/Contents/Resources/sdk/vexv5/libv5rt.a(v5_apijump.c.obj)
                0x0000000003801560                vexEventAddWithArg
 .text.vexEventsCleanup
                0x000000000380159c       0x2c /Applications/VEXcode.app/Contents/Resources/sdk/vexv5/libv5rt.a(v5_apijump.c.obj)
                0x000000000380159c                vexEventsCleanup
 .text.vexDebug
                0x00000000038015c8       0x38 /Applications/VEXcode.app/Contents/Resources/sdk/vexv5/libv5rt.a(v5_apijump.c.obj)
                0x00000000038015c8                vexDebug
 .text.vex_sprintf
                0x0000000003801600       0x40 /Applications/VEXcode.app/Contents/Resources/sdk/vexv5/libv5rt.a(v5_apijump.c.obj)
                0x0000000003801600                vex_sprintf
 .text.vexSystemTimeGet
                0x0000000003801640       0x1c /Applications/VEXcode.app/Contents/Resources/sdk/vexv5/libv5rt.a(v5_apijump.c.obj)
                0x0000000003801640                vexSystemTimeGet
 .text.vexSystemExitRequest
                0x000000000380165c       0x1c /Applications/VEXcode.app/Contents/Resources/sdk/vexv5/libv5rt.a(v5_apijump.c.obj)
                0x000000000380165c                vexSystemExitRequest
 .text.vexDeviceGetByIndex
                0x0000000003801678       0x24 /Applications/VEXcode.app/Contents/Resources/sdk/vexv5/libv5rt.a(v5_apijump.c.obj)
                0x0000000003801678                vexDeviceGetByIndex
 .text.vexDeviceAdiPortConfigSet
                0x000000000380169c       0x34 /Applications/VEXcode.app/Contents/Resources/sdk/vexv5/libv5rt.a(v5_apijump.c.obj)
                0x000000000380169c                vexDeviceAdiPortConfigSet
 .text.vexDeviceMotorVelocitySet
                0x00000000038016d0       0x2c /Applications/VEXcode.app/Contents/Resources/sdk/vexv5/libv5rt.a(v5_apijump.c.obj)
                0x00000000038016d0                vexDeviceMotorVelocitySet
 .text.vexDeviceMotorActualVelocityGet
                0x00000000038016fc       0x24 /Applications/VEXcode.app/Contents/Resources/sdk/vexv5/libv5rt.a(v5_apijump.c.obj)
                0x00000000038016fc                vexDeviceMotorActualVelocityGet
 .text.vexDeviceMotorZeroPositionFlagGet
                0x0000000003801720       0x24 /Applications/VEXcode.app/Contents/Resources/sdk/vexv5/libv5rt.a(v5_apijump.c.obj)
                0x0000000003801720                vexDeviceMotorZeroPositionFlagGet
 .text.vexDeviceMotorReverseFlagSet
                0x0000000003801744       0x2c /Applications/VEXcode.app/Contents/Resources/sdk/vexv5/libv5rt.a(v5_apijump.c.obj)
                0x0000000003801744                vexDeviceMotorReverseFlagSet
 .text.vexDeviceMotorEncoderUnitsSet
                0x0000000003801770       0x2c /Applications/VEXcode.app/Contents/Resources/sdk/vexv5/libv5rt.a(v5_apijump.c.obj)
                0x0000000003801770                vexDeviceMotorEncoderUnitsSet
 .text.vexDeviceMotorBrakeModeSet
                0x000000000380179c       0x2c /Applications/VEXcode.app/Contents/Resources/sdk/vexv5/libv5rt.a(v5_apijump.c.obj)
                0x000000000380179c                vexDeviceMotorBrakeModeSet
 .text.vexDeviceMotorPositionSet
                0x00000000038017c8       0x34 /Applications/VEXcode.app/Contents/Resources/sdk/vexv5/libv5rt.a(v5_apijump.c.obj)
                0x00000000038017c8                vexDeviceMotorPositionSet
 .text.vexDeviceMotorAbsoluteTargetSet
                0x00000000038017fc       0x3c /Applications/VEXcode.app/Contents/Resources/sdk/vexv5/libv5rt.a(v5_apijump.c.obj)
                0x00000000038017fc                vexDeviceMotorAbsoluteTargetSet
 .text.vexDeviceMotorRelativeTargetSet
                0x0000000003801838       0x3c /Applications/VEXcode.app/Contents/Resources/sdk/vexv5/libv5rt.a(v5_apijump.c.obj)
                0x0000000003801838                vexDeviceMotorRelativeTargetSet
 .text.vexDeviceMotorGearingGet
                0x0000000003801874       0x24 /Applications/VEXcode.app/Contents/Resources/sdk/vexv5/libv5rt.a(v5_apijump.c.obj)
                0x0000000003801874                vexDeviceMotorGearingGet
 .text.vexDeviceVisionModeSet
                0x0000000003801898       0x2c /Applications/VEXcode.app/Contents/Resources/sdk/vexv5/libv5rt.a(v5_apijump.c.obj)
                0x0000000003801898                vexDeviceVisionModeSet
 .text.vexDeviceVisionObjectCountGet
                0x00000000038018c4       0x24 /Applications/VEXcode.app/Contents/Resources/sdk/vexv5/libv5rt.a(v5_apijump.c.obj)
                0x00000000038018c4                vexDeviceVisionObjectCountGet
 .text.vexDeviceVisionObjectGet
                0x00000000038018e8       0x34 /Applications/VEXcode.app/Contents/Resources/sdk/vexv5/libv5rt.a(v5_apijump.c.obj)
                0x00000000038018e8                vexDeviceVisionObjectGet
 .text.vexDeviceVisionSignatureSet
                0x000000000380191c       0x2c /Applications/VEXcode.app/Contents/Resources/sdk/vexv5/libv5rt.a(v5_apijump.c.obj)
                0x000000000380191c                vexDeviceVisionSignatureSet
 .text.vexDeviceVisionBrightnessSet
                0x0000000003801948       0x2c /Applications/VEXcode.app/Contents/Resources/sdk/vexv5/libv5rt.a(v5_apijump.c.obj)
                0x0000000003801948                vexDeviceVisionBrightnessSet
 .text.vexDeviceVisionLedModeSet
                0x0000000003801974       0x2c /Applications/VEXcode.app/Contents/Resources/sdk/vexv5/libv5rt.a(v5_apijump.c.obj)
                0x0000000003801974                vexDeviceVisionLedModeSet
 .text.vexDeviceVisionLedColorSet
                0x00000000038019a0       0x30 /Applications/VEXcode.app/Contents/Resources/sdk/vexv5/libv5rt.a(v5_apijump.c.obj)
                0x00000000038019a0                vexDeviceVisionLedColorSet
 .text.vexDisplayForegroundColor
                0x00000000038019d0       0x24 /Applications/VEXcode.app/Contents/Resources/sdk/vexv5/libv5rt.a(v5_apijump.c.obj)
                0x00000000038019d0                vexDisplayForegroundColor
 .text.vexDisplayBackgroundColor
                0x00000000038019f4       0x24 /Applications/VEXcode.app/Contents/Resources/sdk/vexv5/libv5rt.a(v5_apijump.c.obj)
                0x00000000038019f4                vexDisplayBackgroundColor
 .text.vexDisplayTextReference
                0x0000000003801a18       0x24 /Applications/VEXcode.app/Contents/Resources/sdk/vexv5/libv5rt.a(v5_apijump.c.obj)
                0x0000000003801a18                vexDisplayTextReference
 .text.vexDisplayTextSize
                0x0000000003801a3c       0x2c /Applications/VEXcode.app/Contents/Resources/sdk/vexv5/libv5rt.a(v5_apijump.c.obj)
                0x0000000003801a3c                vexDisplayTextSize
 .text.vexDisplayFontNamedSet
                0x0000000003801a68       0x24 /Applications/VEXcode.app/Contents/Resources/sdk/vexv5/libv5rt.a(v5_apijump.c.obj)
                0x0000000003801a68                vexDisplayFontNamedSet
 .text.vexSystemStdlibImpureDataAddr
                0x0000000003801a8c       0x28 /Applications/VEXcode.app/Contents/Resources/sdk/vexv5/libv5rt.a(v5_apijump.c.obj)
                0x0000000003801a8c                vexSystemStdlibImpureDataAddr
 .text.vexSystemStdlibImpureDataSize
                0x0000000003801ab4       0x28 /Applications/VEXcode.app/Contents/Resources/sdk/vexv5/libv5rt.a(v5_apijump.c.obj)
                0x0000000003801ab4                vexSystemStdlibImpureDataSize
 .text.vexSystemSaveUserData
                0x0000000003801adc       0x3c /Applications/VEXcode.app/Contents/Resources/sdk/vexv5/libv5rt.a(v5_apijump.c.obj)
                0x0000000003801adc                vexSystemSaveUserData
 .text.vexDisplayThemeIdGet
                0x0000000003801b18       0x38 /Applications/VEXcode.app/Contents/Resources/sdk/vexv5/libv5rt.a(v5_apijump.c.obj)
                0x0000000003801b18                vexDisplayThemeIdGet
 .text.vexDeviceEventMaskSet
                0x0000000003801b50       0x48 /Applications/VEXcode.app/Contents/Resources/sdk/vexv5/libv5rt.a(v5_apijump.c.obj)
                0x0000000003801b50                vexDeviceEventMaskSet
 .text.vexDeviceEventMaskGet
                0x0000000003801b98       0x3c /Applications/VEXcode.app/Contents/Resources/sdk/vexv5/libv5rt.a(v5_apijump.c.obj)
                0x0000000003801b98                vexDeviceEventMaskGet
 .text.vexSystemVersion
                0x0000000003801bd4       0x10 /Applications/VEXcode.app/Contents/Resources/sdk/vexv5/libv5rt.a(v5_apiversions.c.obj)
                0x0000000003801bd4                vexSystemVersion
 .text.vexStdlibVersion
                0x0000000003801be4       0x10 /Applications/VEXcode.app/Contents/Resources/sdk/vexv5/libv5rt.a(v5_apiversions.c.obj)
                0x0000000003801be4                vexStdlibVersion
 .text._ZN3vex5motor9installedEv
                0x0000000003801bf4       0x18 /Applications/VEXcode.app/Contents/Resources/sdk/vexv5/libv5rt.a(vex_motor.cpp.obj)
                0x0000000003801bf4                vex::motor::installed()
 .text._ZN3vex5motorD2Ev
                0x0000000003801c0c       0x20 /Applications/VEXcode.app/Contents/Resources/sdk/vexv5/libv5rt.a(vex_motor.cpp.obj)
                0x0000000003801c0c                vex::motor::~motor()
                0x0000000003801c0c                vex::motor::~motor()
 .text._ZN3vex5motor15defaultStoppingENS_9brakeTypeE
                0x0000000003801c2c       0x30 /Applications/VEXcode.app/Contents/Resources/sdk/vexv5/libv5rt.a(vex_motor.cpp.obj)
                0x0000000003801c2c                vex::motor::defaultStopping(vex::brakeType)
 .text._ZN3vex5motor8setBrakeENS_9brakeTypeE
                0x0000000003801c5c        0x4 /Applications/VEXcode.app/Contents/Resources/sdk/vexv5/libv5rt.a(vex_motor.cpp.obj)
                0x0000000003801c5c                vex::motor::setBrake(vex::brakeType)
 .text._ZN3vex5motorC2El
                0x0000000003801c60       0x70 /Applications/VEXcode.app/Contents/Resources/sdk/vexv5/libv5rt.a(vex_motor.cpp.obj)
                0x0000000003801c60                vex::motor::motor(long)
                0x0000000003801c60                vex::motor::motor(long)
 .text._ZN3vex5motorC2Elb
                0x0000000003801cd0       0x24 /Applications/VEXcode.app/Contents/Resources/sdk/vexv5/libv5rt.a(vex_motor.cpp.obj)
                0x0000000003801cd0                vex::motor::motor(long, bool)
                0x0000000003801cd0                vex::motor::motor(long, bool)
 .text._ZN3vex5motor4stopENS_9brakeTypeE
                0x0000000003801cf4       0x30 /Applications/VEXcode.app/Contents/Resources/sdk/vexv5/libv5rt.a(vex_motor.cpp.obj)
                0x0000000003801cf4                vex::motor::stop(vex::brakeType)
 .text._ZN3vex5motor4stopEv
                0x0000000003801d24        0x8 /Applications/VEXcode.app/Contents/Resources/sdk/vexv5/libv5rt.a(vex_motor.cpp.obj)
                0x0000000003801d24                vex::motor::stop()
 .text._ZN3vex5motor16velocityToScaledEdNS_13velocityUnitsE
                0x0000000003801d2c       0x5c /Applications/VEXcode.app/Contents/Resources/sdk/vexv5/libv5rt.a(vex_motor.cpp.obj)
                0x0000000003801d2c                vex::motor::velocityToScaled(double, vex::velocityUnits)
 .text._ZN3vex5motor8velocityENS_13velocityUnitsE
                0x0000000003801d88       0x30 /Applications/VEXcode.app/Contents/Resources/sdk/vexv5/libv5rt.a(vex_motor.cpp.obj)
                0x0000000003801d88                vex::motor::velocity(vex::velocityUnits)
 .text._ZN3vex5motor5valueEv
                0x0000000003801db8       0x1c /Applications/VEXcode.app/Contents/Resources/sdk/vexv5/libv5rt.a(vex_motor.cpp.obj)
                0x0000000003801db8                vex::motor::value()
 .text._ZN3vex5motor16scaledToVelocityEdNS_13velocityUnitsE
                0x0000000003801dd4       0xa4 /Applications/VEXcode.app/Contents/Resources/sdk/vexv5/libv5rt.a(vex_motor.cpp.obj)
                0x0000000003801dd4                vex::motor::scaledToVelocity(double, vex::velocityUnits)
 .text._ZN3vex5motor4spinENS_13directionTypeEdNS_13velocityUnitsE
                0x0000000003801e78       0x5c /Applications/VEXcode.app/Contents/Resources/sdk/vexv5/libv5rt.a(vex_motor.cpp.obj)
                0x0000000003801e78                vex::motor::spin(vex::directionType, double, vex::velocityUnits)
 .text._ZN3vex5motor4spinENS_13directionTypeE
                0x0000000003801ed4       0x28 /Applications/VEXcode.app/Contents/Resources/sdk/vexv5/libv5rt.a(vex_motor.cpp.obj)
                0x0000000003801ed4                vex::motor::spin(vex::directionType)
 .text._ZN3vex5motor11setVelocityEdNS_13velocityUnitsE
                0x0000000003801efc       0x54 /Applications/VEXcode.app/Contents/Resources/sdk/vexv5/libv5rt.a(vex_motor.cpp.obj)
                0x0000000003801efc                vex::motor::setVelocity(double, vex::velocityUnits)
 .text._ZN3vex5motor16setRotationUnitsENS_13rotationUnitsE
                0x0000000003801f50       0x1c /Applications/VEXcode.app/Contents/Resources/sdk/vexv5/libv5rt.a(vex_motor.cpp.obj)
                0x0000000003801f50                vex::motor::setRotationUnits(vex::rotationUnits)
 .text._ZN3vex5motor11setRotationEdNS_13rotationUnitsE
                0x0000000003801f6c       0x44 /Applications/VEXcode.app/Contents/Resources/sdk/vexv5/libv5rt.a(vex_motor.cpp.obj)
                0x0000000003801f6c                vex::motor::setRotation(double, vex::rotationUnits)
 .text._ZN3vex5motor13resetRotationEv
                0x0000000003801fb0       0x20 /Applications/VEXcode.app/Contents/Resources/sdk/vexv5/libv5rt.a(vex_motor.cpp.obj)
                0x0000000003801fb0                vex::motor::resetRotation()
 .text._ZN3vex5motor8rotateToEdNS_13rotationUnitsEdNS_13velocityUnitsEb
                0x0000000003801fd0       0xc4 /Applications/VEXcode.app/Contents/Resources/sdk/vexv5/libv5rt.a(vex_motor.cpp.obj)
                0x0000000003801fd0                vex::motor::rotateTo(double, vex::rotationUnits, double, vex::velocityUnits, bool)
 .text._ZN3vex5motor8rotateToEdNS_13rotationUnitsEb
                0x0000000003802094       0x34 /Applications/VEXcode.app/Contents/Resources/sdk/vexv5/libv5rt.a(vex_motor.cpp.obj)
                0x0000000003802094                vex::motor::rotateTo(double, vex::rotationUnits, bool)
 .text._ZN3vex5motor9rotateForEdNS_13rotationUnitsEdNS_13velocityUnitsEb
                0x00000000038020c8       0xe0 /Applications/VEXcode.app/Contents/Resources/sdk/vexv5/libv5rt.a(vex_motor.cpp.obj)
                0x00000000038020c8                vex::motor::rotateFor(double, vex::rotationUnits, double, vex::velocityUnits, bool)
 .text._ZN3vex5motor9rotateForEdNS_13rotationUnitsEb
                0x00000000038021a8       0x34 /Applications/VEXcode.app/Contents/Resources/sdk/vexv5/libv5rt.a(vex_motor.cpp.obj)
                0x00000000038021a8                vex::motor::rotateFor(double, vex::rotationUnits, bool)
 .text.startup._GLOBAL__sub_I__ZN3vex5motorC2El
                0x00000000038021dc       0x30 /Applications/VEXcode.app/Contents/Resources/sdk/vexv5/libv5rt.a(vex_motor.cpp.obj)
 .text._ZN3vex6vision9installedEv
                0x000000000380220c       0x18 /Applications/VEXcode.app/Contents/Resources/sdk/vexv5/libv5rt.a(vex_vision.cpp.obj)
                0x000000000380220c                vex::vision::installed()
 .text._ZN3vex6visionD2Ev
                0x0000000003802224       0x38 /Applications/VEXcode.app/Contents/Resources/sdk/vexv5/libv5rt.a(vex_vision.cpp.obj)
                0x0000000003802224                vex::vision::~vision()
                0x0000000003802224                vex::vision::~vision()
 .text._ZN3vex6vision12setSignatureERNS0_9signatureE
                0x000000000380225c       0x70 /Applications/VEXcode.app/Contents/Resources/sdk/vexv5/libv5rt.a(vex_vision.cpp.obj)
                0x000000000380225c                vex::vision::setSignature(vex::vision::signature&)
 .text._ZN3vex6vision7setModeENS0_13detectionModeE
                0x00000000038022cc       0x18 /Applications/VEXcode.app/Contents/Resources/sdk/vexv5/libv5rt.a(vex_vision.cpp.obj)
                0x00000000038022cc                vex::vision::setMode(vex::vision::detectionMode)
 .text._ZN3vex6vision13setBrightnessEh
                0x00000000038022e4       0x30 /Applications/VEXcode.app/Contents/Resources/sdk/vexv5/libv5rt.a(vex_vision.cpp.obj)
                0x00000000038022e4                vex::vision::setBrightness(unsigned char)
 .text._ZN3vex6vision10setLedModeENS0_7ledModeE
                0x0000000003802314       0x18 /Applications/VEXcode.app/Contents/Resources/sdk/vexv5/libv5rt.a(vex_vision.cpp.obj)
                0x0000000003802314                vex::vision::setLedMode(vex::vision::ledMode)
 .text._ZN3vex6vision11setLedColorEhhh
                0x000000000380232c       0x30 /Applications/VEXcode.app/Contents/Resources/sdk/vexv5/libv5rt.a(vex_vision.cpp.obj)
                0x000000000380232c                vex::vision::setLedColor(unsigned char, unsigned char, unsigned char)
 .text._ZN3vex6vision9signatureD2Ev
                0x000000000380235c        0x4 /Applications/VEXcode.app/Contents/Resources/sdk/vexv5/libv5rt.a(vex_vision.cpp.obj)
                0x000000000380235c                vex::vision::signature::~signature()
                0x000000000380235c                vex::vision::signature::~signature()
 .text._ZN3vex6vision9signature5clearEv
                0x0000000003802360       0x38 /Applications/VEXcode.app/Contents/Resources/sdk/vexv5/libv5rt.a(vex_vision.cpp.obj)
                0x0000000003802360                vex::vision::signature::clear()
 .text._ZN3vex6vision9signatureC2Ev
                0x0000000003802398       0x60 /Applications/VEXcode.app/Contents/Resources/sdk/vexv5/libv5rt.a(vex_vision.cpp.obj)
                0x0000000003802398                vex::vision::signature::signature()
                0x0000000003802398                vex::vision::signature::signature()
 .text._ZN3vex6vision9signatureC2Elllllllfl
                0x00000000038023f8       0x5c /Applications/VEXcode.app/Contents/Resources/sdk/vexv5/libv5rt.a(vex_vision.cpp.obj)
                0x00000000038023f8                vex::vision::signature::signature(long, long, long, long, long, long, long, float, long)
                0x00000000038023f8                vex::vision::signature::signature(long, long, long, long, long, long, long, float, long)
 *fill*         0x0000000003802454        0x4 
 .text._ZN3vex6vision6object3setE22_V5_DeviceVisionObject
                0x0000000003802458       0x78 /Applications/VEXcode.app/Contents/Resources/sdk/vexv5/libv5rt.a(vex_vision.cpp.obj)
                0x0000000003802458                vex::vision::object::set(_V5_DeviceVisionObject)
 .text._ZN3vex6vision6object5clearEv
                0x00000000038024d0       0x38 /Applications/VEXcode.app/Contents/Resources/sdk/vexv5/libv5rt.a(vex_vision.cpp.obj)
                0x00000000038024d0                vex::vision::object::clear()
 .text._ZN3vex6vision6objectC2Ev
                0x0000000003802508       0x58 /Applications/VEXcode.app/Contents/Resources/sdk/vexv5/libv5rt.a(vex_vision.cpp.obj)
                0x0000000003802508                vex::vision::object::object()
                0x0000000003802508                vex::vision::object::object()
 .text._ZN3vex6vision13_clearObjectsEv
                0x0000000003802560       0x40 /Applications/VEXcode.app/Contents/Resources/sdk/vexv5/libv5rt.a(vex_vision.cpp.obj)
                0x0000000003802560                vex::vision::_clearObjects()
 .text._ZN3vex6vision6objectaSERKS1_
                0x00000000038025a0       0x74 /Applications/VEXcode.app/Contents/Resources/sdk/vexv5/libv5rt.a(vex_vision.cpp.obj)
                0x00000000038025a0                vex::vision::object::operator=(vex::vision::object const&)
 .text._ZN3vex6vision12takeSnapshotEmm
                0x0000000003802614       0xf4 /Applications/VEXcode.app/Contents/Resources/sdk/vexv5/libv5rt.a(vex_vision.cpp.obj)
                0x0000000003802614                vex::vision::takeSnapshot(unsigned long, unsigned long)
 .text._ZN3vex6vision12takeSnapshotEm
                0x0000000003802708        0x8 /Applications/VEXcode.app/Contents/Resources/sdk/vexv5/libv5rt.a(vex_vision.cpp.obj)
                0x0000000003802708                vex::vision::takeSnapshot(unsigned long)
 .text._ZN3vex6vision5valueEv
                0x0000000003802710        0x8 /Applications/VEXcode.app/Contents/Resources/sdk/vexv5/libv5rt.a(vex_vision.cpp.obj)
                0x0000000003802710                vex::vision::value()
 .text._ZN3vex6vision6objectaSEl
                0x0000000003802718       0x38 /Applications/VEXcode.app/Contents/Resources/sdk/vexv5/libv5rt.a(vex_vision.cpp.obj)
                0x0000000003802718                vex::vision::object::operator=(long)
 .text._ZN3vex6visionC2El
                0x0000000003802750       0xa4 /Applications/VEXcode.app/Contents/Resources/sdk/vexv5/libv5rt.a(vex_vision.cpp.obj)
                0x0000000003802750                vex::vision::vision(long)
                0x0000000003802750                vex::vision::vision(long)
 .text._ZN3vex10controllerD2Ev
                0x00000000038027f4        0x4 /Applications/VEXcode.app/Contents/Resources/sdk/vexv5/libv5rt.a(vex_controller.cpp.obj)
                0x00000000038027f4                vex::controller::~controller()
                0x00000000038027f4                vex::controller::~controller()
 .text._ZN3vex10controller6button21_buttonToPressedEventEv
                0x00000000038027f8       0x20 /Applications/VEXcode.app/Contents/Resources/sdk/vexv5/libv5rt.a(vex_controller.cpp.obj)
                0x00000000038027f8                vex::controller::button::_buttonToPressedEvent()
 .text._ZN3vex10controller6button22_buttonToReleasedEventEv
                0x0000000003802818       0x20 /Applications/VEXcode.app/Contents/Resources/sdk/vexv5/libv5rt.a(vex_controller.cpp.obj)
                0x0000000003802818                vex::controller::button::_buttonToReleasedEvent()
 .text._ZN3vex10controller6buttonC2ENS0_11tButtonTypeEPS0_
                0x0000000003802838       0x48 /Applications/VEXcode.app/Contents/Resources/sdk/vexv5/libv5rt.a(vex_controller.cpp.obj)
                0x0000000003802838                vex::controller::button::button(vex::controller::tButtonType, vex::controller*)
                0x0000000003802838                vex::controller::button::button(vex::controller::tButtonType, vex::controller*)
 .text._ZN3vex10controller4axis23_joystickToChangedEventEv
                0x0000000003802880       0x20 /Applications/VEXcode.app/Contents/Resources/sdk/vexv5/libv5rt.a(vex_controller.cpp.obj)
                0x0000000003802880                vex::controller::axis::_joystickToChangedEvent()
 .text._ZN3vex10controller4axisC2ENS0_9tAxisTypeEPS0_
                0x00000000038028a0       0x2c /Applications/VEXcode.app/Contents/Resources/sdk/vexv5/libv5rt.a(vex_controller.cpp.obj)
                0x00000000038028a0                vex::controller::axis::axis(vex::controller::tAxisType, vex::controller*)
                0x00000000038028a0                vex::controller::axis::axis(vex::controller::tAxisType, vex::controller*)
 .text._ZN3vex10controllerC2Ev
                0x00000000038028cc      0x204 /Applications/VEXcode.app/Contents/Resources/sdk/vexv5/libv5rt.a(vex_controller.cpp.obj)
                0x00000000038028cc                vex::controller::controller()
                0x00000000038028cc                vex::controller::controller()
 .text._ZN3vex4taskC2EPFivE
                0x0000000003802ad0       0x54 /Applications/VEXcode.app/Contents/Resources/sdk/vexv5/libv5rt.a(vex_task.cpp.obj)
                0x0000000003802ad0                vex::task::task(int (*)())
                0x0000000003802ad0                vex::task::task(int (*)())
 .text._ZN3vex4taskD2Ev
                0x0000000003802b24        0x4 /Applications/VEXcode.app/Contents/Resources/sdk/vexv5/libv5rt.a(vex_task.cpp.obj)
                0x0000000003802b24                vex::task::~task()
                0x0000000003802b24                vex::task::~task()
 .text._ZN3vex4task4stopEPFivE
                0x0000000003802b28        0xc /Applications/VEXcode.app/Contents/Resources/sdk/vexv5/libv5rt.a(vex_task.cpp.obj)
                0x0000000003802b28                vex::task::stop(int (*)())
 .text._ZN3vex4task5sleepEm
                0x0000000003802b34        0x4 /Applications/VEXcode.app/Contents/Resources/sdk/vexv5/libv5rt.a(vex_task.cpp.obj)
                0x0000000003802b34                vex::task::sleep(unsigned long)
 .text._ZN3vex4task6_indexEPFivE
                0x0000000003802b38       0x14 /Applications/VEXcode.app/Contents/Resources/sdk/vexv5/libv5rt.a(vex_task.cpp.obj)
                0x0000000003802b38                vex::task::_index(int (*)())
 .text._ZN3vex4task8_stopAllEv
                0x0000000003802b4c       0x3c /Applications/VEXcode.app/Contents/Resources/sdk/vexv5/libv5rt.a(vex_task.cpp.obj)
                0x0000000003802b4c                vex::task::_stopAll()
 .text._ZN3vex5event4initEmmPFvvE
                0x0000000003802b88        0x4 /Applications/VEXcode.app/Contents/Resources/sdk/vexv5/libv5rt.a(vex_event.cpp.obj)
                0x0000000003802b88                vex::event::init(unsigned long, unsigned long, void (*)())
 .text._ZN3vex5event4initEmmPFvPvES1_
                0x0000000003802b8c        0x4 /Applications/VEXcode.app/Contents/Resources/sdk/vexv5/libv5rt.a(vex_event.cpp.obj)
                0x0000000003802b8c                vex::event::init(unsigned long, unsigned long, void (*)(void*), void*)
 .text._ZN3vex5event9userindexEv
                0x0000000003802b90        0x4 /Applications/VEXcode.app/Contents/Resources/sdk/vexv5/libv5rt.a(vex_event.cpp.obj)
                0x0000000003802b90                vex::event::userindex()
 .text._ZZN3vex6meventC4EmmENUlvE_4_FUNEv
                0x0000000003802b94        0x4 /Applications/VEXcode.app/Contents/Resources/sdk/vexv5/libv5rt.a(vex_mevent.cpp.obj)
 .text._ZN3vex6meventC2Emm
                0x0000000003802b98       0x70 /Applications/VEXcode.app/Contents/Resources/sdk/vexv5/libv5rt.a(vex_mevent.cpp.obj)
                0x0000000003802b98                vex::mevent::mevent(unsigned long, unsigned long)
                0x0000000003802b98                vex::mevent::mevent(unsigned long, unsigned long)
 .text._ZN3vex5brainD2Ev
                0x0000000003802c08       0x20 /Applications/VEXcode.app/Contents/Resources/sdk/vexv5/libv5rt.a(vex_brain.cpp.obj)
                0x0000000003802c08                vex::brain::~brain()
                0x0000000003802c08                vex::brain::~brain()
 .text._ZN3vex5brain9_getIndexEv
                0x0000000003802c28       0x10 /Applications/VEXcode.app/Contents/Resources/sdk/vexv5/libv5rt.a(vex_brain.cpp.obj)
                0x0000000003802c28                vex::brain::_getIndex()
 .text._ZN3vex5brain3lcd9setCursorEll
                0x0000000003802c38       0x44 /Applications/VEXcode.app/Contents/Resources/sdk/vexv5/libv5rt.a(vex_brain.cpp.obj)
                0x0000000003802c38                vex::brain::lcd::setCursor(long, long)
 .text._ZN3vex5brain3lcd7setFontENS_8fontTypeE
                0x0000000003802c7c      0x228 /Applications/VEXcode.app/Contents/Resources/sdk/vexv5/libv5rt.a(vex_brain.cpp.obj)
                0x0000000003802c7c                vex::brain::lcd::setFont(vex::fontType)
 .text._ZN3vex5brain3lcdC2Ev
                0x0000000003802ea4       0x94 /Applications/VEXcode.app/Contents/Resources/sdk/vexv5/libv5rt.a(vex_brain.cpp.obj)
                0x0000000003802ea4                vex::brain::lcd::lcd()
                0x0000000003802ea4                vex::brain::lcd::lcd()
 .text._ZN3vex5brainC2Ev
                0x0000000003802f38       0x40 /Applications/VEXcode.app/Contents/Resources/sdk/vexv5/libv5rt.a(vex_brain.cpp.obj)
                0x0000000003802f38                vex::brain::brain()
                0x0000000003802f38                vex::brain::brain()
 .text._ZN3vex11competition8_disableEPv
                0x0000000003802f78       0x9c /Applications/VEXcode.app/Contents/Resources/sdk/vexv5/libv5rt.a(vex_competition.cpp.obj)
                0x0000000003802f78                vex::competition::_disable(void*)
 .text._ZN3vex11competition11_autonomousEv
                0x0000000003803014       0x7c /Applications/VEXcode.app/Contents/Resources/sdk/vexv5/libv5rt.a(vex_competition.cpp.obj)
                0x0000000003803014                vex::competition::_autonomous()
 .text._ZN3vex11competition14_drivercontrolEv
                0x0000000003803090       0x7c /Applications/VEXcode.app/Contents/Resources/sdk/vexv5/libv5rt.a(vex_competition.cpp.obj)
                0x0000000003803090                vex::competition::_drivercontrol()
 .text._ZN3vex11competitionC2Ev
                0x000000000380310c      0x13c /Applications/VEXcode.app/Contents/Resources/sdk/vexv5/libv5rt.a(vex_competition.cpp.obj)
                0x000000000380310c                vex::competition::competition()
                0x000000000380310c                vex::competition::competition()
 .text._ZN3vex11competitionD2Ev
                0x0000000003803248        0x4 /Applications/VEXcode.app/Contents/Resources/sdk/vexv5/libv5rt.a(vex_competition.cpp.obj)
                0x0000000003803248                vex::competition::~competition()
                0x0000000003803248                vex::competition::~competition()
 .text._ZN3vex11competition10autonomousEPFvvE
                0x000000000380324c       0x44 /Applications/VEXcode.app/Contents/Resources/sdk/vexv5/libv5rt.a(vex_competition.cpp.obj)
                0x000000000380324c                vex::competition::autonomous(void (*)())
 .text._ZN3vex11competition13drivercontrolEPFvvE
                0x0000000003803290       0x44 /Applications/VEXcode.app/Contents/Resources/sdk/vexv5/libv5rt.a(vex_competition.cpp.obj)
                0x0000000003803290                vex::competition::drivercontrol(void (*)())
 .text._ZN3vex7triport9installedEv
                0x00000000038032d4       0x18 /Applications/VEXcode.app/Contents/Resources/sdk/vexv5/libv5rt.a(vex_triport.cpp.obj)
                0x00000000038032d4                vex::triport::installed()
 .text._ZN3vex7triportD2Ev
                0x00000000038032ec       0x38 /Applications/VEXcode.app/Contents/Resources/sdk/vexv5/libv5rt.a(vex_triport.cpp.obj)
                0x00000000038032ec                vex::triport::~triport()
                0x00000000038032ec                vex::triport::~triport()
 .text._ZN3vex7triport4portC2ElPS0_
                0x0000000003803324       0x90 /Applications/VEXcode.app/Contents/Resources/sdk/vexv5/libv5rt.a(vex_triport.cpp.obj)
                0x0000000003803324                vex::triport::port::port(long, vex::triport*)
                0x0000000003803324                vex::triport::port::port(long, vex::triport*)
 .text._ZN3vex7triportC2El
                0x00000000038033b4       0xf0 /Applications/VEXcode.app/Contents/Resources/sdk/vexv5/libv5rt.a(vex_triport.cpp.obj)
                0x00000000038033b4                vex::triport::triport(long)
                0x00000000038033b4                vex::triport::triport(long)
 .text.startup._GLOBAL__sub_I__ZN3vex7triportC2El
                0x00000000038034a4       0x30 /Applications/VEXcode.app/Contents/Resources/sdk/vexv5/libv5rt.a(vex_triport.cpp.obj)
 .text._ZN3vex5colorD2Ev
                0x00000000038034d4        0x4 /Applications/VEXcode.app/Contents/Resources/sdk/vexv5/libv5rt.a(vex_color.cpp.obj)
                0x00000000038034d4                vex::color::~color()
                0x00000000038034d4                vex::color::~color()
 .text.startup._GLOBAL__sub_I__ZN3vex5color5blackE
                0x00000000038034d8      0x164 /Applications/VEXcode.app/Contents/Resources/sdk/vexv5/libv5rt.a(vex_color.cpp.obj)
 .text._ZN3vex5timerD2Ev
                0x000000000380363c        0x4 /Applications/VEXcode.app/Contents/Resources/sdk/vexv5/libv5rt.a(vex_timer.cpp.obj)
                0x000000000380363c                vex::timer::~timer()
                0x000000000380363c                vex::timer::~timer()
 .text._ZN3vex5timer5clearEv
                0x0000000003803640       0x1c /Applications/VEXcode.app/Contents/Resources/sdk/vexv5/libv5rt.a(vex_timer.cpp.obj)
                0x0000000003803640                vex::timer::clear()
 .text._ZN3vex5timerC2Ev
                0x000000000380365c       0x14 /Applications/VEXcode.app/Contents/Resources/sdk/vexv5/libv5rt.a(vex_timer.cpp.obj)
                0x000000000380365c                vex::timer::timer()
                0x000000000380365c                vex::timer::timer()
 .text.vexAdiPortConfigSet
                0x0000000003803670       0x28 /Applications/VEXcode.app/Contents/Resources/sdk/vexv5/libv5rt.a(v5_apiuser.c.obj)
                0x0000000003803670                vexAdiPortConfigSet
 .text.vexMotorVelocitySet
                0x0000000003803698       0x20 /Applications/VEXcode.app/Contents/Resources/sdk/vexv5/libv5rt.a(v5_apiuser.c.obj)
                0x0000000003803698                vexMotorVelocitySet
 .text.vexMotorActualVelocityGet
                0x00000000038036b8       0x24 /Applications/VEXcode.app/Contents/Resources/sdk/vexv5/libv5rt.a(v5_apiuser.c.obj)
                0x00000000038036b8                vexMotorActualVelocityGet
 .text.vexMotorZeroPositionFlagGet
                0x00000000038036dc       0x18 /Applications/VEXcode.app/Contents/Resources/sdk/vexv5/libv5rt.a(v5_apiuser.c.obj)
                0x00000000038036dc                vexMotorZeroPositionFlagGet
 .text.vexMotorReverseFlagSet
                0x00000000038036f4       0x20 /Applications/VEXcode.app/Contents/Resources/sdk/vexv5/libv5rt.a(v5_apiuser.c.obj)
                0x00000000038036f4                vexMotorReverseFlagSet
 .text.vexMotorEncoderUnitsSet
                0x0000000003803714       0x20 /Applications/VEXcode.app/Contents/Resources/sdk/vexv5/libv5rt.a(v5_apiuser.c.obj)
                0x0000000003803714                vexMotorEncoderUnitsSet
 .text.vexMotorBrakeModeSet
                0x0000000003803734       0x20 /Applications/VEXcode.app/Contents/Resources/sdk/vexv5/libv5rt.a(v5_apiuser.c.obj)
                0x0000000003803734                vexMotorBrakeModeSet
 .text.vexMotorPositionSet
                0x0000000003803754       0x28 /Applications/VEXcode.app/Contents/Resources/sdk/vexv5/libv5rt.a(v5_apiuser.c.obj)
                0x0000000003803754                vexMotorPositionSet
 .text.vexMotorAbsoluteTargetSet
                0x000000000380377c       0x30 /Applications/VEXcode.app/Contents/Resources/sdk/vexv5/libv5rt.a(v5_apiuser.c.obj)
                0x000000000380377c                vexMotorAbsoluteTargetSet
 .text.vexMotorRelativeTargetSet
                0x00000000038037ac       0x30 /Applications/VEXcode.app/Contents/Resources/sdk/vexv5/libv5rt.a(v5_apiuser.c.obj)
                0x00000000038037ac                vexMotorRelativeTargetSet
 .text.vexMotorGearingGet
                0x00000000038037dc       0x18 /Applications/VEXcode.app/Contents/Resources/sdk/vexv5/libv5rt.a(v5_apiuser.c.obj)
                0x00000000038037dc                vexMotorGearingGet
 .text.vexVisionModeSet
                0x00000000038037f4       0x20 /Applications/VEXcode.app/Contents/Resources/sdk/vexv5/libv5rt.a(v5_apiuser.c.obj)
                0x00000000038037f4                vexVisionModeSet
 .text.vexVisionObjectCountGet
                0x0000000003803814       0x18 /Applications/VEXcode.app/Contents/Resources/sdk/vexv5/libv5rt.a(v5_apiuser.c.obj)
                0x0000000003803814                vexVisionObjectCountGet
 .text.vexVisionObjectGet
                0x000000000380382c       0x28 /Applications/VEXcode.app/Contents/Resources/sdk/vexv5/libv5rt.a(v5_apiuser.c.obj)
                0x000000000380382c                vexVisionObjectGet
 .text.vexVisionSignatureSet
                0x0000000003803854       0x20 /Applications/VEXcode.app/Contents/Resources/sdk/vexv5/libv5rt.a(v5_apiuser.c.obj)
                0x0000000003803854                vexVisionSignatureSet
 .text.vexVisionBrightnessSet
                0x0000000003803874       0x20 /Applications/VEXcode.app/Contents/Resources/sdk/vexv5/libv5rt.a(v5_apiuser.c.obj)
                0x0000000003803874                vexVisionBrightnessSet
 .text.vexVisionLedModeSet
                0x0000000003803894       0x20 /Applications/VEXcode.app/Contents/Resources/sdk/vexv5/libv5rt.a(v5_apiuser.c.obj)
                0x0000000003803894                vexVisionLedModeSet
 .text.vexVisionLedColorSet
                0x00000000038038b4       0x2c /Applications/VEXcode.app/Contents/Resources/sdk/vexv5/libv5rt.a(v5_apiuser.c.obj)
                0x00000000038038b4                vexVisionLedColorSet
 .text.vexEventMaskSet
                0x00000000038038e0       0x28 /Applications/VEXcode.app/Contents/Resources/sdk/vexv5/libv5rt.a(v5_apiuser.c.obj)
                0x00000000038038e0                vexEventMaskSet
 .text.vexEventMaskGet
                0x0000000003803908       0x18 /Applications/VEXcode.app/Contents/Resources/sdk/vexv5/libv5rt.a(v5_apiuser.c.obj)
                0x0000000003803908                vexEventMaskGet
 .text._ZN3vex6device5valueEv
                0x0000000003803920        0x8 /Applications/VEXcode.app/Contents/Resources/sdk/vexv5/libv5rt.a(vex_device.cpp.obj)
                0x0000000003803920                vex::device::value()
 .text._ZN3vex6deviceD2Ev
                0x0000000003803928        0x4 /Applications/VEXcode.app/Contents/Resources/sdk/vexv5/libv5rt.a(vex_device.cpp.obj)
                0x0000000003803928                vex::device::~device()
                0x0000000003803928                vex::device::~device()
 .text._ZN3vex6device4initEl
                0x000000000380392c       0x30 /Applications/VEXcode.app/Contents/Resources/sdk/vexv5/libv5rt.a(vex_device.cpp.obj)
                0x000000000380392c                vex::device::init(long)
 .text._ZN3vex6deviceC2El
                0x000000000380395c       0x20 /Applications/VEXcode.app/Contents/Resources/sdk/vexv5/libv5rt.a(vex_device.cpp.obj)
                0x000000000380395c                vex::device::device(long)
                0x000000000380395c                vex::device::device(long)
 .text._ZN3vex6device4typeEv
                0x000000000380397c       0x10 /Applications/VEXcode.app/Contents/Resources/sdk/vexv5/libv5rt.a(vex_device.cpp.obj)
                0x000000000380397c                vex::device::type()
 .text._ZN3vex6device9installedEv
                0x000000000380398c       0x14 /Applications/VEXcode.app/Contents/Resources/sdk/vexv5/libv5rt.a(vex_device.cpp.obj)
                0x000000000380398c                vex::device::installed()
 .text.__aeabi_memcpy
                0x00000000038039a0        0x4 /Applications/VEXcode.app/Contents/Resources/sdk/vexv5/gcc/libs/libc.a(lib_a-aeabi_memcpy.o)
                0x00000000038039a0                __aeabi_memcpy4
                0x00000000038039a0                __aeabi_memcpy
                0x00000000038039a0                __aeabi_memcpy8
 .text.__libc_fini_array
                0x00000000038039a4       0x30 /Applications/VEXcode.app/Contents/Resources/sdk/vexv5/gcc/libs/libc.a(lib_a-fini.o)
                0x00000000038039a4                __libc_fini_array
 .text.__libc_init_array
                0x00000000038039d4       0x58 /Applications/VEXcode.app/Contents/Resources/sdk/vexv5/gcc/libs/libc.a(lib_a-init.o)
                0x00000000038039d4                __libc_init_array
 .text.memcpy   0x0000000003803a2c       0xa8 /Applications/VEXcode.app/Contents/Resources/sdk/vexv5/gcc/libs/libc.a(lib_a-memcpy.o)
                0x0000000003803a2c                memcpy
 *fill*         0x0000000003803ad4        0x4 
 .text.memcpy.__stub
                0x0000000003803ad8       0x10 linker stubs
 *(.gnu.linkonce.t.*)
 *(.plt)
 *(.gnu_warning)
 *(.gcc_except_table)
 *(.glue_7)
 .glue_7        0x0000000003803ae8        0x0 linker stubs
 *(.glue_7t)
 .glue_7t       0x0000000003803ae8        0x0 linker stubs
 *(.vfp11_veneer)
 .vfp11_veneer  0x0000000003803ae8        0x0 linker stubs
 *(.ARM.extab)
 *(.gnu.linkonce.armextab.*)

.v4_bx          0x0000000003803ae8        0x0
 .v4_bx         0x0000000003803ae8        0x0 linker stubs

.iplt           0x0000000003803ae8        0x0
 .iplt          0x0000000003803ae8        0x0 build/src/main.o

.init
 *(.init)

.fini
 *(.fini)

.rodata         0x0000000003803ae8      0x10c
                0x0000000003803ae8                __rodata_start = .
 *(.rodata)
 *(.rodata.*)
 .rodata.str1.1
                0x0000000003803ae8       0x35 build/src/main.o
 .rodata.str1.1
                0x0000000003803b1d       0x2e /Applications/VEXcode.app/Contents/Resources/sdk/vexv5/libv5rt.a(v5_startup.c.obj)
 *fill*         0x0000000003803b4b        0x1 
 .rodata._ZN3vex6PORT22E
                0x0000000003803b4c        0x4 /Applications/VEXcode.app/Contents/Resources/sdk/vexv5/libv5rt.a(vex_global.cpp.obj)
                0x0000000003803b4c                vex::PORT22
 .rodata._ZN3vex5PORT2E
                0x0000000003803b50        0x4 /Applications/VEXcode.app/Contents/Resources/sdk/vexv5/libv5rt.a(vex_global.cpp.obj)
                0x0000000003803b50                vex::PORT2
 .rodata._ZN3vex6PORT12E
                0x0000000003803b54        0x4 /Applications/VEXcode.app/Contents/Resources/sdk/vexv5/libv5rt.a(vex_global.cpp.obj)
                0x0000000003803b54                vex::PORT12
 .rodata._ZN3vex5PORT4E
                0x0000000003803b58        0x4 /Applications/VEXcode.app/Contents/Resources/sdk/vexv5/libv5rt.a(vex_global.cpp.obj)
                0x0000000003803b58                vex::PORT4
 .rodata._ZN3vex6PORT13E
                0x0000000003803b5c        0x4 /Applications/VEXcode.app/Contents/Resources/sdk/vexv5/libv5rt.a(vex_global.cpp.obj)
                0x0000000003803b5c                vex::PORT13
 .rodata._ZN3vex5PORT6E
                0x0000000003803b60        0x4 /Applications/VEXcode.app/Contents/Resources/sdk/vexv5/libv5rt.a(vex_global.cpp.obj)
                0x0000000003803b60                vex::PORT6
 .rodata._ZN3vex5PORT1E
                0x0000000003803b64        0x4 /Applications/VEXcode.app/Contents/Resources/sdk/vexv5/libv5rt.a(vex_global.cpp.obj)
                0x0000000003803b64                vex::PORT1
 .rodata._ZN3vex6PORT19E
                0x0000000003803b68        0x4 /Applications/VEXcode.app/Contents/Resources/sdk/vexv5/libv5rt.a(vex_global.cpp.obj)
                0x0000000003803b68                vex::PORT19
 .rodata._ZN3vex6PORT20E
                0x0000000003803b6c        0x4 /Applications/VEXcode.app/Contents/Resources/sdk/vexv5/libv5rt.a(vex_global.cpp.obj)
                0x0000000003803b6c                vex::PORT20
 .rodata._ZTVN3vex5motorE
                0x0000000003803b70       0x10 /Applications/VEXcode.app/Contents/Resources/sdk/vexv5/libv5rt.a(vex_motor.cpp.obj)
                0x0000000003803b70                vtable for vex::motor
 .rodata._ZTVN3vex6visionE
                0x0000000003803b80       0x10 /Applications/VEXcode.app/Contents/Resources/sdk/vexv5/libv5rt.a(vex_vision.cpp.obj)
                0x0000000003803b80                vtable for vex::vision
 .rodata.CSWTCH.15
                0x0000000003803b90        0xb /Applications/VEXcode.app/Contents/Resources/sdk/vexv5/libv5rt.a(vex_controller.cpp.obj)
 .rodata.CSWTCH.17
                0x0000000003803b9b        0xb /Applications/VEXcode.app/Contents/Resources/sdk/vexv5/libv5rt.a(vex_controller.cpp.obj)
 .rodata.CSWTCH.23
                0x0000000003803ba6        0x3 /Applications/VEXcode.app/Contents/Resources/sdk/vexv5/libv5rt.a(vex_controller.cpp.obj)
 .rodata.str1.1
                0x0000000003803ba9        0xa /Applications/VEXcode.app/Contents/Resources/sdk/vexv5/libv5rt.a(vex_task.cpp.obj)
 .rodata.str1.1
                0x0000000003803bb3       0x1a /Applications/VEXcode.app/Contents/Resources/sdk/vexv5/libv5rt.a(vex_brain.cpp.obj)
 *fill*         0x0000000003803bcd        0x3 
 .rodata._ZTVN3vex7triportE
                0x0000000003803bd0       0x10 /Applications/VEXcode.app/Contents/Resources/sdk/vexv5/libv5rt.a(vex_triport.cpp.obj)
                0x0000000003803bd0                vtable for vex::triport
 .rodata._ZTVN3vex6deviceE
                0x0000000003803be0       0x10 /Applications/VEXcode.app/Contents/Resources/sdk/vexv5/libv5rt.a(vex_device.cpp.obj)
                0x0000000003803be0                vtable for vex::device
 .rodata.str1.4
                0x0000000003803bf0        0x4 /Applications/VEXcode.app/Contents/Resources/sdk/vexv5/gcc/libs/libc.a(lib_a-impure.o)
                                          0x2 (size before relaxing)
 *(.gnu.linkonce.r.*)
                0x0000000003803bf4                __rodata_end = .

.rodata1        0x0000000003803bf4        0x0
                0x0000000003803bf4                __rodata1_start = .
 *(.rodata1)
 *(.rodata1.*)
                0x0000000003803bf4                __rodata1_end = .

.sdata2         0x0000000003803bf4        0x0
                0x0000000003803bf4                __sdata2_start = .
 *(.sdata2)
 *(.sdata2.*)
 *(.gnu.linkonce.s2.*)
                0x0000000003803bf4                __sdata2_end = .

.sbss2          0x0000000003803bf4        0x0
                0x0000000003803bf4                __sbss2_start = .
 *(.sbss2)
 *(.sbss2.*)
 *(.gnu.linkonce.sb2.*)
                0x0000000003803bf4                __sbss2_end = .

.data           0x0000000003803bf8      0x434
                0x0000000003803bf8                __data_start = .
 *(.data)
 *(.data.*)
 .data.appRunning
                0x0000000003803bf8        0x4 /Applications/VEXcode.app/Contents/Resources/sdk/vexv5/libv5rt.a(v5_startup.c.obj)
                0x0000000003803bf8                appRunning
 *fill*         0x0000000003803bfc        0x4 
 .data.impure_data
                0x0000000003803c00      0x428 /Applications/VEXcode.app/Contents/Resources/sdk/vexv5/gcc/libs/libc.a(lib_a-impure.o)
 .data._impure_ptr
                0x0000000003804028        0x4 /Applications/VEXcode.app/Contents/Resources/sdk/vexv5/gcc/libs/libc.a(lib_a-impure.o)
                0x0000000003804028                _impure_ptr
 *(.gnu.linkonce.d.*)
 *(.jcr)
 *(.got)
 *(.got.plt)
                0x000000000380402c                __data_end = .

.igot.plt       0x000000000380402c        0x0
 .igot.plt      0x000000000380402c        0x0 build/src/main.o

.data1          0x000000000380402c        0x0
                0x000000000380402c                __data1_start = .
 *(.data1)
 *(.data1.*)
                0x000000000380402c                __data1_end = .

.got
 *(.got)

.ctors          0x000000000380402c        0x0
                0x000000000380402c                __CTOR_LIST__ = .
                0x000000000380402c                ___CTORS_LIST___ = .
 *crtbegin.o(.ctors)
 *(EXCLUDE_FILE(*crtend.o) .ctors)
 *(SORT_BY_NAME(.ctors.*))
 *(.ctors)
                0x000000000380402c                __CTOR_END__ = .
                0x000000000380402c                ___CTORS_END___ = .

.dtors          0x000000000380402c        0x0
                0x000000000380402c                __DTOR_LIST__ = .
                0x000000000380402c                ___DTORS_LIST___ = .
 *crtbegin.o(.dtors)
 *(EXCLUDE_FILE(*crtend.o) .dtors)
 *(SORT_BY_NAME(.dtors.*))
 *(.dtors)
                0x000000000380402c                __DTOR_END__ = .
                0x000000000380402c                ___DTORS_END___ = .

.fixup          0x000000000380402c        0x0
                0x000000000380402c                __fixup_start = .
 *(.fixup)
                0x000000000380402c                __fixup_end = .

.eh_frame
 *(.eh_frame)

.eh_framehdr    0x000000000380402c        0x0
                0x000000000380402c                __eh_framehdr_start = .
 *(.eh_framehdr)
                0x000000000380402c                __eh_framehdr_end = .

.gcc_except_table
 *(.gcc_except_table)

.mmu_tbl        0x0000000003808000        0x0
                0x0000000003808000                __mmu_tbl_start = .
 *(.mmu_tbl)
                0x0000000003808000                __mmu_tbl_end = .

.ARM.exidx      0x000000000380402c        0x8
                0x000000000380402c                __exidx_start = .
 *(.ARM.exidx*)
 .ARM.exidx.text._ZN3vex6visionC2IJNS0_9signatureES2_S2_S2_S2_S2_S2_EEElhDpT_
                0x000000000380402c        0x8 build/src/main.o
 .ARM.exidx.text._Z11velocitysetdd
                0x0000000003804034        0x0 build/src/main.o
                                          0x8 (size before relaxing)
 .ARM.exidx.text._Z15forwardDistancedd
                0x0000000003804034        0x0 build/src/main.o
                                          0x8 (size before relaxing)
 .ARM.exidx.text._Z11forwardTimedd
                0x0000000003804034        0x0 build/src/main.o
                                          0x8 (size before relaxing)
 .ARM.exidx.text._Z4turnbdd
                0x0000000003804034        0x0 build/src/main.o
                                          0x8 (size before relaxing)
 .ARM.exidx.text._Z7bluSafev
                0x0000000003804034        0x0 build/src/main.o
                                          0x8 (size before relaxing)
 .ARM.exidx.text._Z11usercontrolv
                0x0000000003804034        0x0 build/src/main.o
                                          0x8 (size before relaxing)
 .ARM.exidx.text._Z10autonomousv
                0x0000000003804034        0x0 build/src/main.o
                                          0x8 (size before relaxing)
 .ARM.exidx.text.main
                0x0000000003804034        0x0 build/src/main.o
                                          0x8 (size before relaxing)
 .ARM.exidx.text._ZN3vex6vision7_setsigINS0_9signatureEJS2_S2_S2_S2_S2_S2_EEEvRT_DpT0_
                0x0000000003804034        0x0 build/src/main.o
                                          0x8 (size before relaxing)
 .ARM.exidx.text._ZN3vex6vision7_setsigINS0_9signatureEJS2_S2_S2_S2_S2_EEEvRT_DpT0_
                0x0000000003804034        0x0 build/src/main.o
                                          0x8 (size before relaxing)
 .ARM.exidx.text._ZN3vex6vision7_setsigINS0_9signatureEJS2_S2_S2_S2_EEEvRT_DpT0_
                0x0000000003804034        0x0 build/src/main.o
                                          0x8 (size before relaxing)
 .ARM.exidx.text._ZN3vex6vision7_setsigINS0_9signatureEJS2_S2_S2_EEEvRT_DpT0_
                0x0000000003804034        0x0 build/src/main.o
                                          0x8 (size before relaxing)
 .ARM.exidx.text._ZN3vex6vision7_setsigINS0_9signatureEJS2_S2_EEEvRT_DpT0_
                0x0000000003804034        0x0 build/src/main.o
                                          0x8 (size before relaxing)
 .ARM.exidx.text._GLOBAL__sub_I_main.cpp
                0x0000000003804034        0x0 build/src/main.o
                                          0x8 (size before relaxing)
 *(.gnu.linkonce.armexidix.*.*)
                0x0000000003804034                __exidx_end = .

.rel.dyn        0x0000000003804034        0x0
 .rel.iplt      0x0000000003804034        0x0 build/src/main.o

.preinit_array  0x0000000003804034        0x0
                0x0000000003804034                __preinit_array_start = .
 *(SORT_BY_NAME(.preinit_array.*))
 *(.preinit_array)
                0x0000000003804034                __preinit_array_end = .

.init_array     0x0000000003804034       0x10
                0x0000000003804034                __init_array_start = .
 *(SORT_BY_NAME(.init_array.*))
 *(.init_array)
 .init_array    0x0000000003804034        0x4 build/src/main.o
 .init_array    0x0000000003804038        0x4 /Applications/VEXcode.app/Contents/Resources/sdk/vexv5/libv5rt.a(vex_motor.cpp.obj)
 .init_array    0x000000000380403c        0x4 /Applications/VEXcode.app/Contents/Resources/sdk/vexv5/libv5rt.a(vex_triport.cpp.obj)
 .init_array    0x0000000003804040        0x4 /Applications/VEXcode.app/Contents/Resources/sdk/vexv5/libv5rt.a(vex_color.cpp.obj)
                0x0000000003804044                __init_array_end = .

.fini_array     0x0000000003804044        0x0
                0x0000000003804044                __fini_array_start = .
 *(SORT_BY_NAME(.fini_array.*))
 *(.fini_array)
                0x0000000003804044                __fini_array_end = .

.ARM.attributes
                0x0000000003804044       0x3c
                0x0000000003804044                __ARM.attributes_start = .
 *(.ARM.attributes)
 .ARM.attributes
                0x0000000003804044       0x3a build/src/main.o
 .ARM.attributes
                0x000000000380407e       0x35 /Applications/VEXcode.app/Contents/Resources/sdk/vexv5/libv5rt.a(v5_startup.c.obj)
 .ARM.attributes
                0x00000000038040b3       0x35 /Applications/VEXcode.app/Contents/Resources/sdk/vexv5/libv5rt.a(v5_util.c.obj)
 .ARM.attributes
                0x00000000038040e8       0x35 /Applications/VEXcode.app/Contents/Resources/sdk/vexv5/libv5rt.a(v5_apijump.c.obj)
 .ARM.attributes
                0x000000000380411d       0x35 /Applications/VEXcode.app/Contents/Resources/sdk/vexv5/libv5rt.a(v5_apiversions.c.obj)
 .ARM.attributes
                0x0000000003804152       0x35 /Applications/VEXcode.app/Contents/Resources/sdk/vexv5/libv5rt.a(vex_global.cpp.obj)
 .ARM.attributes
                0x0000000003804187       0x35 /Applications/VEXcode.app/Contents/Resources/sdk/vexv5/libv5rt.a(vex_motor.cpp.obj)
 .ARM.attributes
                0x00000000038041bc       0x35 /Applications/VEXcode.app/Contents/Resources/sdk/vexv5/libv5rt.a(vex_vision.cpp.obj)
 .ARM.attributes
                0x00000000038041f1       0x35 /Applications/VEXcode.app/Contents/Resources/sdk/vexv5/libv5rt.a(vex_controller.cpp.obj)
 .ARM.attributes
                0x0000000003804226       0x35 /Applications/VEXcode.app/Contents/Resources/sdk/vexv5/libv5rt.a(vex_task.cpp.obj)
 .ARM.attributes
                0x000000000380425b       0x35 /Applications/VEXcode.app/Contents/Resources/sdk/vexv5/libv5rt.a(vex_event.cpp.obj)
 .ARM.attributes
                0x0000000003804290       0x35 /Applications/VEXcode.app/Contents/Resources/sdk/vexv5/libv5rt.a(vex_mevent.cpp.obj)
 .ARM.attributes
                0x00000000038042c5       0x35 /Applications/VEXcode.app/Contents/Resources/sdk/vexv5/libv5rt.a(vex_brain.cpp.obj)
 .ARM.attributes
                0x00000000038042fa       0x35 /Applications/VEXcode.app/Contents/Resources/sdk/vexv5/libv5rt.a(vex_competition.cpp.obj)
 .ARM.attributes
                0x000000000380432f       0x35 /Applications/VEXcode.app/Contents/Resources/sdk/vexv5/libv5rt.a(vex_triport.cpp.obj)
 .ARM.attributes
                0x0000000003804364       0x35 /Applications/VEXcode.app/Contents/Resources/sdk/vexv5/libv5rt.a(vex_color.cpp.obj)
 .ARM.attributes
                0x0000000003804399       0x35 /Applications/VEXcode.app/Contents/Resources/sdk/vexv5/libv5rt.a(vex_timer.cpp.obj)
 .ARM.attributes
                0x00000000038043ce       0x35 /Applications/VEXcode.app/Contents/Resources/sdk/vexv5/libv5rt.a(v5_apiuser.c.obj)
 .ARM.attributes
                0x0000000003804403       0x35 /Applications/VEXcode.app/Contents/Resources/sdk/vexv5/libv5rt.a(vex_device.cpp.obj)
 .ARM.attributes
                0x0000000003804438       0x2b /Applications/VEXcode.app/Contents/Resources/sdk/vexv5/gcc/libs/libc.a(lib_a-aeabi_memcpy.o)
 .ARM.attributes
                0x0000000003804463       0x2b /Applications/VEXcode.app/Contents/Resources/sdk/vexv5/gcc/libs/libc.a(lib_a-fini.o)
 .ARM.attributes
                0x000000000380448e       0x2b /Applications/VEXcode.app/Contents/Resources/sdk/vexv5/gcc/libs/libc.a(lib_a-impure.o)
 .ARM.attributes
                0x00000000038044b9       0x2b /Applications/VEXcode.app/Contents/Resources/sdk/vexv5/gcc/libs/libc.a(lib_a-init.o)
 .ARM.attributes
                0x00000000038044e4       0x2b /Applications/VEXcode.app/Contents/Resources/sdk/vexv5/gcc/libs/libc.a(lib_a-memcpy.o)
 .ARM.attributes
                0x000000000380450f       0x1b /Applications/VEXcode.app/Contents/Resources/sdk/vexv5/gcc/libs/libgcc.a(_aeabi_ldivmod.o)
                0x000000000380452a                __ARM.attributes_end = .

.sdata          0x0000000003804044        0x0
                0x0000000003804044                __sdata_start = .
 *(.sdata)
 *(.sdata.*)
 *(.gnu.linkonce.s.*)
                0x0000000003804044                __sdata_end = .

.sbss           0x0000000003804044        0x0
                0x0000000003804044                __sbss_start = .
 *(.sbss)
 *(.sbss.*)
 *(.gnu.linkonce.sb.*)
                0x0000000003804044                __sbss_end = .

.tdata          0x0000000003804044        0x0
                0x0000000003804044                __tdata_start = .
 *(.tdata)
 *(.tdata.*)
 *(.gnu.linkonce.td.*)
                0x0000000003804044                __tdata_end = .

.tbss           0x0000000003804044        0x0
                0x0000000003804044                __tbss_start = .
 *(.tbss)
 *(.tbss.*)
 *(.gnu.linkonce.tb.*)
                0x0000000003804044                __tbss_end = .

.bss            0x0000000003804048     0x15e9
                0x0000000003804048                __bss_start = .
 *(.bss)
 *(.bss.*)
 .bss.controller1
                0x0000000003804048      0x1e0 build/src/main.o
                0x0000000003804048                controller1
 .bss.Brain     0x0000000003804228      0x2e0 build/src/main.o
                0x0000000003804228                Brain
 .bss.LeftFront
                0x0000000003804508       0x28 build/src/main.o
                0x0000000003804508                LeftFront
 .bss.RightFront
                0x0000000003804530       0x28 build/src/main.o
                0x0000000003804530                RightFront
 .bss.LeftBack  0x0000000003804558       0x28 build/src/main.o
                0x0000000003804558                LeftBack
 .bss.RightBack
                0x0000000003804580       0x28 build/src/main.o
                0x0000000003804580                RightBack
 .bss.armLift   0x00000000038045a8       0x28 build/src/main.o
                0x00000000038045a8                armLift
 .bss.armLeft   0x00000000038045d0       0x28 build/src/main.o
                0x00000000038045d0                armLeft
 .bss.armRight  0x00000000038045f8       0x28 build/src/main.o
                0x00000000038045f8                armRight
 .bss.ramp      0x0000000003804620       0x28 build/src/main.o
                0x0000000003804620                ramp
 .bss.VisionSensor
                0x0000000003804648      0x690 build/src/main.o
                0x0000000003804648                VisionSensor
 .bss.ORANGE_CUBE
                0x0000000003804cd8       0x50 build/src/main.o
                0x0000000003804cd8                ORANGE_CUBE
 .bss.GREEN_CUBE
                0x0000000003804d28       0x50 build/src/main.o
                0x0000000003804d28                GREEN_CUBE
 .bss.PURPLE_CUBE
                0x0000000003804d78       0x50 build/src/main.o
                0x0000000003804d78                PURPLE_CUBE
 .bss.SIG_4     0x0000000003804dc8       0x50 build/src/main.o
                0x0000000003804dc8                SIG_4
 .bss.SIG_5     0x0000000003804e18       0x50 build/src/main.o
                0x0000000003804e18                SIG_5
 .bss.SIG_6     0x0000000003804e68       0x50 build/src/main.o
                0x0000000003804e68                SIG_6
 .bss.SIG_7     0x0000000003804eb8       0x50 build/src/main.o
                0x0000000003804eb8                SIG_7
 .bss.Vision1   0x0000000003804f08      0x690 build/src/main.o
                0x0000000003804f08                Vision1
 .bss._ZStL8__ioinit
                0x0000000003805598        0x1 build/src/main.o
 *fill*         0x0000000003805599        0x3 
 .bss.Competition
                0x000000000380559c       0x28 build/src/main.o
                0x000000000380559c                Competition
 .bss.__dso_handle
                0x00000000038055c4        0x4 /Applications/VEXcode.app/Contents/Resources/sdk/vexv5/libv5rt.a(v5_startup.c.obj)
                0x00000000038055c4                __dso_handle
 .bss._ZStL8__ioinit
                0x00000000038055c8        0x1 /Applications/VEXcode.app/Contents/Resources/sdk/vexv5/libv5rt.a(vex_motor.cpp.obj)
 *fill*         0x00000000038055c9        0x3 
 .bss._ZN3vex4task8_labelIdE
                0x00000000038055cc        0x4 /Applications/VEXcode.app/Contents/Resources/sdk/vexv5/libv5rt.a(vex_task.cpp.obj)
                0x00000000038055cc                vex::task::_labelId
 .bss._ZN3vex11competition22bStopTasksBetweenModesE
                0x00000000038055d0        0x1 /Applications/VEXcode.app/Contents/Resources/sdk/vexv5/libv5rt.a(vex_competition.cpp.obj)
                0x00000000038055d0                vex::competition::bStopTasksBetweenModes
 .bss._ZN3vex11competition25bStopAllTasksBetweenModesE
                0x00000000038055d1        0x1 /Applications/VEXcode.app/Contents/Resources/sdk/vexv5/libv5rt.a(vex_competition.cpp.obj)
                0x00000000038055d1                vex::competition::bStopAllTasksBetweenModes
 .bss._ZN3vex11competition14_auton_pendingE
                0x00000000038055d2        0x1 /Applications/VEXcode.app/Contents/Resources/sdk/vexv5/libv5rt.a(vex_competition.cpp.obj)
                0x00000000038055d2                vex::competition::_auton_pending
 *fill*         0x00000000038055d3        0x1 
 .bss._ZN3vex11competition20_autonomous_callbackE
                0x00000000038055d4        0x4 /Applications/VEXcode.app/Contents/Resources/sdk/vexv5/libv5rt.a(vex_competition.cpp.obj)
                0x00000000038055d4                vex::competition::_autonomous_callback
 .bss._ZN3vex11competition23_drivercontrol_callbackE
                0x00000000038055d8        0x4 /Applications/VEXcode.app/Contents/Resources/sdk/vexv5/libv5rt.a(vex_competition.cpp.obj)
                0x00000000038055d8                vex::competition::_drivercontrol_callback
 .bss._ZN3vex11competition15_driver_pendingE
                0x00000000038055dc        0x1 /Applications/VEXcode.app/Contents/Resources/sdk/vexv5/libv5rt.a(vex_competition.cpp.obj)
                0x00000000038055dc                vex::competition::_driver_pending
 .bss._ZStL8__ioinit
                0x00000000038055dd        0x1 /Applications/VEXcode.app/Contents/Resources/sdk/vexv5/libv5rt.a(vex_triport.cpp.obj)
 *fill*         0x00000000038055de        0x2 
 .bss._ZN3vex5color6orangeE
                0x00000000038055e0        0x8 /Applications/VEXcode.app/Contents/Resources/sdk/vexv5/libv5rt.a(vex_color.cpp.obj)
                0x00000000038055e0                vex::color::orange
 .bss._ZN3vex5color5blackE
                0x00000000038055e8        0x8 /Applications/VEXcode.app/Contents/Resources/sdk/vexv5/libv5rt.a(vex_color.cpp.obj)
                0x00000000038055e8                vex::color::black
 .bss._ZN3vex5color6yellowE
                0x00000000038055f0        0x8 /Applications/VEXcode.app/Contents/Resources/sdk/vexv5/libv5rt.a(vex_color.cpp.obj)
                0x00000000038055f0                vex::color::yellow
 .bss._ZN3vex5color5greenE
                0x00000000038055f8        0x8 /Applications/VEXcode.app/Contents/Resources/sdk/vexv5/libv5rt.a(vex_color.cpp.obj)
                0x00000000038055f8                vex::color::green
 .bss._ZN3vex5color6purpleE
                0x0000000003805600        0x8 /Applications/VEXcode.app/Contents/Resources/sdk/vexv5/libv5rt.a(vex_color.cpp.obj)
                0x0000000003805600                vex::color::purple
 .bss._ZN3vex5color4cyanE
                0x0000000003805608        0x8 /Applications/VEXcode.app/Contents/Resources/sdk/vexv5/libv5rt.a(vex_color.cpp.obj)
                0x0000000003805608                vex::color::cyan
 .bss._ZN3vex5color4blueE
                0x0000000003805610        0x8 /Applications/VEXcode.app/Contents/Resources/sdk/vexv5/libv5rt.a(vex_color.cpp.obj)
                0x0000000003805610                vex::color::blue
 .bss._ZN3vex5color3redE
                0x0000000003805618        0x8 /Applications/VEXcode.app/Contents/Resources/sdk/vexv5/libv5rt.a(vex_color.cpp.obj)
                0x0000000003805618                vex::color::red
 .bss._ZN3vex5color11transparentE
                0x0000000003805620        0x8 /Applications/VEXcode.app/Contents/Resources/sdk/vexv5/libv5rt.a(vex_color.cpp.obj)
                0x0000000003805620                vex::color::transparent
 .bss._ZN3vex5color5whiteE
                0x0000000003805628        0x8 /Applications/VEXcode.app/Contents/Resources/sdk/vexv5/libv5rt.a(vex_color.cpp.obj)
                0x0000000003805628                vex::color::white
 *(.gnu.linkonce.b.*)
 *(COMMON)
 COMMON         0x0000000003805630        0x1 /Applications/VEXcode.app/Contents/Resources/sdk/vexv5/libv5rt.a(v5_startup.c.obj)
                0x0000000003805630                __vex_critical_section
                0x0000000003805631                __bss_end = .
                0x0000000003804044                _SDA_BASE_ = (__sdata_start + ((__sbss_end - __sdata_start) / 0x2))
                0x0000000003803bf4                _SDA2_BASE_ = (__sdata2_start + ((__sbss2_end - __sdata2_start) / 0x2))

.heap           0x0000000003805631   0x10000f
                0x0000000003805640                . = ALIGN (0x10)
 *fill*         0x0000000003805631        0xf 
                0x0000000003805640                _heap = .
                0x0000000003805640                HeapBase = .
                0x0000000003805640                _heap_start = .
                0x0000000003905640                . = (. + _HEAP_SIZE)
 *fill*         0x0000000003805640   0x100000 
                0x0000000003905640                _heap_end = .
                0x0000000003905640                HeapLimit = .

.stack          0x0000000003905640     0x3800
                0x0000000003905640                . = ALIGN (0x10)
                0x0000000003905640                _stack_end = .
                0x0000000003907640                . = (. + _STACK_SIZE)
 *fill*         0x0000000003905640     0x2000 
                0x0000000003907640                . = ALIGN (0x10)
                0x0000000003907640                _stack = .
                0x0000000003907640                __stack = _stack
                0x0000000003907640                . = ALIGN (0x10)
                0x0000000003907640                _irq_stack_end = .
                0x0000000003907a40                . = (. + _IRQ_STACK_SIZE)
 *fill*         0x0000000003907640      0x400 
                0x0000000003907a40                . = ALIGN (0x10)
                0x0000000003907a40                __irq_stack = .
                0x0000000003907a40                _supervisor_stack_end = .
                0x0000000003908240                . = (. + _SUPERVISOR_STACK_SIZE)
 *fill*         0x0000000003907a40      0x800 
                0x0000000003908240                . = ALIGN (0x10)
                0x0000000003908240                __supervisor_stack = .
                0x0000000003908240                _abort_stack_end = .
                0x0000000003908640                . = (. + _ABORT_STACK_SIZE)
 *fill*         0x0000000003908240      0x400 
                0x0000000003908640                . = ALIGN (0x10)
                0x0000000003908640                __abort_stack = .
                0x0000000003908640                _fiq_stack_end = .
                0x0000000003908a40                . = (. + _FIQ_STACK_SIZE)
 *fill*         0x0000000003908640      0x400 
                0x0000000003908a40                . = ALIGN (0x10)
                0x0000000003908a40                __fiq_stack = .
                0x0000000003908a40                _undef_stack_end = .
                0x0000000003908e40                . = (. + _UNDEF_STACK_SIZE)
 *fill*         0x0000000003908a40      0x400 
                0x0000000003908e40                . = ALIGN (0x10)
                0x0000000003908e40                __undef_stack = .
                0x0000000003908e40                _end = .
LOAD /Applications/VEXcode.app/Contents/Resources/sdk/vexv5/stdlib_0.lib
LOAD build/src/main.o
START GROUP
LOAD /Applications/VEXcode.app/Contents/Resources/sdk/vexv5/libv5rt.a
LOAD /Applications/VEXcode.app/Contents/Resources/sdk/vexv5/gcc/libs/libstdc++.a
LOAD /Applications/VEXcode.app/Contents/Resources/sdk/vexv5/gcc/libs/libc.a
LOAD /Applications/VEXcode.app/Contents/Resources/sdk/vexv5/gcc/libs/libm.a
LOAD /Applications/VEXcode.app/Contents/Resources/sdk/vexv5/gcc/libs/libgcc.a
END GROUP
OUTPUT(build/BluSafe.elf elf32-littlearm)

.comment        0x0000000000000000       0x9d
 .comment       0x0000000000000000       0x2d build/src/main.o
                                         0x2e (size before relaxing)
 .comment       0x000000000000002d       0x70 /Applications/VEXcode.app/Contents/Resources/sdk/vexv5/libv5rt.a(v5_startup.c.obj)
                                         0x71 (size before relaxing)
 .comment       0x000000000000009d       0x71 /Applications/VEXcode.app/Contents/Resources/sdk/vexv5/libv5rt.a(v5_util.c.obj)
 .comment       0x000000000000009d       0x71 /Applications/VEXcode.app/Contents/Resources/sdk/vexv5/libv5rt.a(v5_apijump.c.obj)
 .comment       0x000000000000009d       0x71 /Applications/VEXcode.app/Contents/Resources/sdk/vexv5/libv5rt.a(v5_apiversions.c.obj)
 .comment       0x000000000000009d       0x71 /Applications/VEXcode.app/Contents/Resources/sdk/vexv5/libv5rt.a(vex_global.cpp.obj)
 .comment       0x000000000000009d       0x71 /Applications/VEXcode.app/Contents/Resources/sdk/vexv5/libv5rt.a(vex_motor.cpp.obj)
 .comment       0x000000000000009d       0x71 /Applications/VEXcode.app/Contents/Resources/sdk/vexv5/libv5rt.a(vex_vision.cpp.obj)
 .comment       0x000000000000009d       0x71 /Applications/VEXcode.app/Contents/Resources/sdk/vexv5/libv5rt.a(vex_controller.cpp.obj)
 .comment       0x000000000000009d       0x71 /Applications/VEXcode.app/Contents/Resources/sdk/vexv5/libv5rt.a(vex_task.cpp.obj)
 .comment       0x000000000000009d       0x71 /Applications/VEXcode.app/Contents/Resources/sdk/vexv5/libv5rt.a(vex_event.cpp.obj)
 .comment       0x000000000000009d       0x71 /Applications/VEXcode.app/Contents/Resources/sdk/vexv5/libv5rt.a(vex_mevent.cpp.obj)
 .comment       0x000000000000009d       0x71 /Applications/VEXcode.app/Contents/Resources/sdk/vexv5/libv5rt.a(vex_brain.cpp.obj)
 .comment       0x000000000000009d       0x71 /Applications/VEXcode.app/Contents/Resources/sdk/vexv5/libv5rt.a(vex_competition.cpp.obj)
 .comment       0x000000000000009d       0x71 /Applications/VEXcode.app/Contents/Resources/sdk/vexv5/libv5rt.a(vex_triport.cpp.obj)
 .comment       0x000000000000009d       0x71 /Applications/VEXcode.app/Contents/Resources/sdk/vexv5/libv5rt.a(vex_color.cpp.obj)
 .comment       0x000000000000009d       0x71 /Applications/VEXcode.app/Contents/Resources/sdk/vexv5/libv5rt.a(vex_timer.cpp.obj)
 .comment       0x000000000000009d       0x71 /Applications/VEXcode.app/Contents/Resources/sdk/vexv5/libv5rt.a(v5_apiuser.c.obj)
 .comment       0x000000000000009d       0x71 /Applications/VEXcode.app/Contents/Resources/sdk/vexv5/libv5rt.a(vex_device.cpp.obj)

.note.GNU-stack
                0x0000000000000000        0x0
 .note.GNU-stack
                0x0000000000000000        0x0 build/src/main.o

.debug_frame    0x0000000000000000       0xd8
 .debug_frame   0x0000000000000000       0x20 /Applications/VEXcode.app/Contents/Resources/sdk/vexv5/gcc/libs/libc.a(lib_a-aeabi_memcpy.o)
 .debug_frame   0x0000000000000020       0x34 /Applications/VEXcode.app/Contents/Resources/sdk/vexv5/gcc/libs/libc.a(lib_a-fini.o)
 .debug_frame   0x0000000000000054       0x2c /Applications/VEXcode.app/Contents/Resources/sdk/vexv5/gcc/libs/libc.a(lib_a-init.o)
 .debug_frame   0x0000000000000080       0x30 /Applications/VEXcode.app/Contents/Resources/sdk/vexv5/gcc/libs/libc.a(lib_a-memcpy.o)
 .debug_frame   0x00000000000000b0       0x28 /Applications/VEXcode.app/Contents/Resources/sdk/vexv5/gcc/libs/libgcc.a(_aeabi_ldivmod.o)
